Skipping 0 already-completed item(s).
Sending 518 item(s).
Completed 1/518 - {'BCKG'}
Completed 2/518 - {'PLED', 'BCKG'}
Completed 3/518 - {'BCKG'}
Completed 4/518 - {'BCKG'}
Completed 5/518 - {'BCKG'}
Completed 6/518 - {'PLED', 'BCKG'}
Completed 7/518 - {'PLED', 'BCKG'}
Completed 8/518 - {'BCKG'}
Completed 9/518 - {'BCKG'}
Completed 10/518 - {'BCKG'}
Completed 11/518 - {'BCKG'}
Completed 12/518 - {'SPSW', 'BCKG'}
Completed 13/518 - {'BCKG'}
Completed 14/518 - {'PLED', 'BCKG'}
Completed 15/518 - {'SPSW', 'BCKG'}
Completed 16/518 - {'PLED', 'BCKG'}
Completed 17/518 - {'GPED', 'BCKG'}
Completed 18/518 - {'BCKG'}
Completed 19/518 - {'SPSW', 'BCKG'}
Completed 20/518 - {'BCKG'}
Completed 21/518 - {'PLED', 'BCKG'}
Completed 22/518 - {'SPSW', 'BCKG'}
Completed 23/518 - {'GPED', 'BCKG'}
Completed 24/518 - {'PLED', 'BCKG'}
Completed 25/518 - {'BCKG'}
Completed 26/518 - {'GPED', 'BCKG'}
Completed 27/518 - {'PLED', 'BCKG'}
Completed 28/518 - {'PLED', 'BCKG'}
Completed 29/518 - {'BCKG'}
Completed 30/518 - {'SPSW', 'BCKG'}
Completed 31/518 - {'SPSW', 'BCKG'}
Completed 32/518 - {'PLED', 'BCKG'}
Completed 33/518 - {'BCKG'}
Completed 34/518 - {'PLED', 'BCKG'}
Completed 35/518 - {'BCKG'}
Completed 36/518 - {'PLED', 'BCKG'}
Completed 37/518 - {'BCKG'}
Completed 38/518 - {'PLED', 'BCKG'}
Completed 39/518 - {'SPSW', 'BCKG'}
Completed 40/518 - {'BCKG'}
Completed 41/518 - {'PLED', 'BCKG'}
Completed 42/518 - {'PLED', 'BCKG'}
Completed 43/518 - {'PLED', 'BCKG'}
Completed 44/518 - {'PLED', 'BCKG'}
Completed 45/518 - {'BCKG'}
Completed 46/518 - {'GPED', 'BCKG'}
Completed 47/518 - {'PLED', 'BCKG'}
Completed 48/518 - {'PLED', 'BCKG'}
Completed 49/518 - {'SPSW', 'BCKG'}
Completed 50/518 - {'BCKG'}
Completed 51/518 - {'PLED', 'BCKG'}
Completed 52/518 - {'SPSW', 'BCKG'}
Completed 53/518 - {'BCKG'}
Completed 54/518 - {'GPED', 'BCKG'}
Completed 55/518 - {'PLED', 'BCKG'}
Completed 56/518 - {'BCKG'}
Completed 57/518 - {'GPED', 'BCKG'}
Completed 58/518 - {'SPSW', 'BCKG'}
Completed 59/518 - {'BCKG'}
Completed 60/518 - {'PLED', 'BCKG'}
Completed 61/518 - {'PLED', 'BCKG'}
Completed 62/518 - {'BCKG'}
Completed 63/518 - {'GPED', 'BCKG'}
Completed 64/518 - {'PLED', 'BCKG'}
Completed 65/518 - {'SPSW', 'BCKG'}
Completed 66/518 - {'BCKG'}
Completed 67/518 - {'GPED', 'BCKG'}
Completed 68/518 - {'PLED', 'BCKG'}
Completed 69/518 - {'SPSW', 'BCKG'}
Completed 70/518 - {'BCKG'}
Completed 71/518 - {'PLED', 'BCKG'}
Completed 72/518 - {'SPSW', 'BCKG'}
Completed 73/518 - {'BCKG'}
Completed 74/518 - {'BCKG'}
Completed 75/518 - {'PLED', 'BCKG'}
Completed 76/518 - {'PLED', 'BCKG'}
Completed 77/518 - {'BCKG'}
Completed 78/518 - {'BCKG'}
Completed 79/518 - {'BCKG'}
Completed 80/518 - {'BCKG'}
Completed 81/518 - {'BCKG'}
Completed 82/518 - {'GPED', 'BCKG'}
Completed 83/518 - {'BCKG'}
Completed 84/518 - {'SPSW', 'BCKG'}
Completed 85/518 - {'GPED', 'BCKG'}
Completed 86/518 - {'SPSW', 'BCKG'}
Completed 87/518 - {'BCKG'}
Completed 88/518 - {'GPED', 'BCKG'}
Completed 89/518 - {'SPSW', 'BCKG'}
Completed 90/518 - {'GPED', 'BCKG'}
Completed 91/518 - {'BCKG'}
Completed 92/518 - {'BCKG'}
Completed 93/518 - {'BCKG'}
Completed 94/518 - {'GPED', 'BCKG'}
Completed 95/518 - {'BCKG'}
Completed 96/518 - {'SPSW', 'BCKG'}
Completed 97/518 - {'SPSW', 'BCKG'}
Completed 98/518 - {'SPSW', 'BCKG'}
Completed 99/518 - {'BCKG'}
Completed 100/518 - {'BCKG'}
Completed 101/518 - {'BCKG'}
Completed 102/518 - {'BCKG'}
Completed 103/518 - {'BCKG'}
Completed 104/518 - {'BCKG'}
Completed 105/518 - {'GPED', 'BCKG'}
Completed 106/518 - {'BCKG'}
Completed 107/518 - {'BCKG'}
Completed 108/518 - {'BCKG'}
Completed 109/518 - {'GPED', 'BCKG'}
Completed 110/518 - {'GPED', 'BCKG'}
Completed 111/518 - {'SPSW', 'BCKG'}
Completed 112/518 - {'BCKG'}
Completed 113/518 - {'GPED', 'BCKG'}
Completed 114/518 - {'GPED', 'BCKG'}
Completed 115/518 - {'SPSW', 'BCKG'}
Completed 116/518 - {'BCKG'}
Completed 117/518 - {'BCKG'}
Completed 118/518 - {'SPSW', 'BCKG'}
Completed 119/518 - {'SPSW', 'BCKG'}
Completed 120/518 - {'GPED', 'BCKG'}
Completed 121/518 - {'SPSW', 'BCKG'}
Completed 122/518 - {'GPED', 'BCKG'}
Completed 123/518 - {'BCKG'}
Completed 124/518 - {'GPED', 'BCKG'}
Completed 125/518 - {'GPED', 'BCKG'}
Completed 126/518 - {'BCKG'}
Completed 127/518 - {'BCKG'}
Completed 128/518 - {'BCKG'}
Completed 129/518 - {'SPSW', 'BCKG'}
Completed 130/518 - {'SPSW', 'BCKG'}
Completed 131/518 - {'SPSW', 'BCKG'}
Completed 132/518 - {'BCKG'}
Completed 133/518 - {'GPED', 'BCKG'}
Completed 134/518 - {'SPSW', 'BCKG'}
Completed 135/518 - {'SPSW', 'BCKG'}
Completed 136/518 - {'GPED', 'BCKG'}
Completed 137/518 - {'BCKG'}
Completed 138/518 - {'BCKG'}
Completed 139/518 - {'SPSW', 'BCKG'}
Completed 140/518 - {'SPSW', 'BCKG'}
Completed 141/518 - {'BCKG'}
Completed 142/518 - {'SPSW', 'BCKG'}
Completed 143/518 - {'SPSW', 'BCKG'}
Completed 144/518 - {'BCKG'}
Completed 145/518 - {'BCKG'}
Completed 146/518 - {'BCKG'}
Completed 147/518 - {'SPSW', 'BCKG'}
Completed 148/518 - {'SPSW', 'BCKG'}
Completed 149/518 - {'BCKG'}
Completed 150/518 - {'BCKG'}
Completed 151/518 - {'BCKG'}
Completed 152/518 - {'SPSW', 'BCKG'}
Completed 153/518 - {'BCKG'}
Completed 154/518 - {'BCKG'}
Completed 155/518 - {'BCKG'}
Completed 156/518 - {'SPSW', 'BCKG'}
Completed 157/518 - {'SPSW', 'BCKG'}
Completed 158/518 - {'SPSW', 'BCKG'}
Completed 159/518 - {'SPSW', 'BCKG'}
Completed 160/518 - {'BCKG'}
Completed 161/518 - {'BCKG'}
Completed 162/518 - {'BCKG'}
Completed 163/518 - {'BCKG'}
Completed 164/518 - {'BCKG'}
Completed 165/518 - {'BCKG'}
Completed 166/518 - {'BCKG'}
Completed 167/518 - {'BCKG'}
Completed 168/518 - {'BCKG'}
Completed 169/518 - {'BCKG'}
Completed 170/518 - {'BCKG'}
Completed 171/518 - {'BCKG'}
Completed 172/518 - {'BCKG'}
Completed 173/518 - {'BCKG'}
Completed 174/518 - {'BCKG'}
Completed 175/518 - {'BCKG'}
Completed 176/518 - {'BCKG'}
Completed 177/518 - {'BCKG'}
Completed 178/518 - {'BCKG'}
Completed 179/518 - {'BCKG'}
Completed 180/518 - {'BCKG'}
Completed 181/518 - {'BCKG'}
Completed 182/518 - {'BCKG'}
Completed 183/518 - {'BCKG'}
Completed 184/518 - {'BCKG'}
Completed 185/518 - {'BCKG'}
Completed 186/518 - {'BCKG'}
Completed 187/518 - {'BCKG'}
Completed 188/518 - {'BCKG'}
Completed 189/518 - {'BCKG'}
Completed 190/518 - {'BCKG'}
Completed 191/518 - {'BCKG'}
Completed 192/518 - {'BCKG'}
Completed 193/518 - {'BCKG'}
Completed 194/518 - {'BCKG'}
Completed 195/518 - {'BCKG'}
Completed 196/518 - {'BCKG'}
Completed 197/518 - {'BCKG'}
Completed 198/518 - {'BCKG'}
Completed 199/518 - {'BCKG'}
Completed 200/518 - {'BCKG'}
Completed 201/518 - {'BCKG'}
Completed 202/518 - {'BCKG'}
Completed 203/518 - {'BCKG'}
Completed 204/518 - {'BCKG'}
Completed 205/518 - {'BCKG'}
Completed 206/518 - {'BCKG'}
Completed 207/518 - {'BCKG'}
Completed 208/518 - {'BCKG'}
Completed 209/518 - {'BCKG'}
Completed 210/518 - {'BCKG'}
Completed 211/518 - {'BCKG'}
Completed 212/518 - {'BCKG'}
Completed 213/518 - {'BCKG'}
Completed 214/518 - {'BCKG'}
Completed 215/518 - {'BCKG'}
Completed 216/518 - {'BCKG'}
Completed 217/518 - {'BCKG'}
Completed 218/518 - {'BCKG'}
Completed 219/518 - {'BCKG'}
Completed 220/518 - {'BCKG'}
Completed 221/518 - {'BCKG'}
Completed 222/518 - {'BCKG'}
Completed 223/518 - {'BCKG'}
Completed 224/518 - {'BCKG'}
Completed 225/518 - {'BCKG'}
Completed 226/518 - {'BCKG'}
Completed 227/518 - {'BCKG'}
Completed 228/518 - {'BCKG'}
Completed 229/518 - {'BCKG'}
Completed 230/518 - {'BCKG'}
Completed 231/518 - {'BCKG'}
Completed 232/518 - {'BCKG'}
Completed 233/518 - {'BCKG'}
Completed 234/518 - {'BCKG'}
Completed 235/518 - {'BCKG'}
Completed 236/518 - {'BCKG'}
Completed 237/518 - {'BCKG'}
Completed 238/518 - {'BCKG'}
Completed 239/518 - {'BCKG'}
Completed 240/518 - {'BCKG'}
Completed 241/518 - {'BCKG'}
Completed 242/518 - {'BCKG'}
Completed 243/518 - {'BCKG'}
Completed 244/518 - {'BCKG'}
Completed 245/518 - {'BCKG'}
Completed 246/518 - {'BCKG'}
Completed 247/518 - {'BCKG'}
Completed 248/518 - {'BCKG'}
Completed 249/518 - {'BCKG'}
Completed 250/518 - {'BCKG'}
Completed 251/518 - {'BCKG'}
Completed 252/518 - {'BCKG'}
Completed 253/518 - {'BCKG'}
Completed 254/518 - {'BCKG'}
Completed 255/518 - {'BCKG'}
Completed 256/518 - {'BCKG'}
Completed 257/518 - {'BCKG'}
Completed 258/518 - {'BCKG'}
Completed 259/518 - {'BCKG'}
Completed 260/518 - {'BCKG'}
Completed 261/518 - {'BCKG'}
Completed 262/518 - {'BCKG'}
Completed 263/518 - {'BCKG'}
Completed 264/518 - {'BCKG'}
Completed 265/518 - {'BCKG'}
Completed 266/518 - {'BCKG'}
Completed 267/518 - {'BCKG'}
Completed 268/518 - {'BCKG'}
Completed 269/518 - {'BCKG'}
Completed 270/518 - {'BCKG'}
Completed 271/518 - {'SPSW', 'BCKG'}
Completed 272/518 - {'BCKG'}
Completed 273/518 - {'BCKG'}
Completed 274/518 - {'BCKG'}
Completed 275/518 - {'BCKG'}
Completed 276/518 - {'BCKG'}
Completed 277/518 - {'BCKG'}
Completed 278/518 - {'BCKG'}
Completed 279/518 - {'BCKG'}
Completed 280/518 - {'BCKG'}
Completed 281/518 - {'BCKG'}
Completed 282/518 - {'BCKG'}
Completed 283/518 - {'BCKG'}
Completed 284/518 - {'BCKG'}
Completed 285/518 - {'BCKG'}
Completed 286/518 - {'SPSW', 'BCKG'}
Completed 287/518 - {'BCKG'}
Completed 288/518 - {'BCKG'}
Completed 289/518 - {'BCKG'}
Completed 290/518 - {'BCKG'}
Completed 291/518 - {'BCKG'}
Completed 292/518 - {'BCKG'}
Completed 293/518 - {'BCKG'}
Completed 294/518 - {'BCKG'}
Completed 295/518 - {'BCKG'}
Completed 296/518 - {'BCKG'}
Completed 297/518 - {'BCKG'}
Completed 298/518 - {'BCKG'}
Completed 299/518 - {'BCKG'}
Completed 300/518 - {'BCKG'}
Completed 301/518 - {'BCKG'}
Completed 302/518 - {'BCKG'}
Completed 303/518 - {'BCKG'}
Completed 304/518 - {'BCKG'}
Completed 305/518 - {'BCKG'}
Completed 306/518 - {'BCKG'}
Completed 307/518 - {'BCKG'}
Completed 308/518 - {'BCKG'}
Completed 309/518 - {'BCKG'}
Completed 310/518 - {'BCKG'}
Completed 311/518 - {'BCKG'}
Completed 312/518 - {'BCKG'}
Completed 313/518 - {'BCKG'}
Completed 314/518 - {'BCKG'}
Completed 315/518 - {'BCKG'}
Completed 316/518 - {'BCKG'}
Completed 317/518 - {'BCKG'}
Completed 318/518 - {'BCKG'}
Completed 319/518 - {'BCKG'}
Completed 320/518 - {'BCKG'}
Completed 321/518 - {'BCKG'}
Completed 322/518 - {'BCKG'}
Completed 323/518 - {'BCKG'}
Completed 324/518 - {'BCKG'}
Completed 325/518 - {'BCKG'}
Completed 326/518 - {'BCKG'}
Completed 327/518 - {'BCKG'}
Completed 328/518 - {'BCKG'}
Completed 329/518 - {'BCKG'}
Completed 330/518 - {'BCKG'}
Completed 331/518 - {'BCKG'}
Completed 332/518 - {'BCKG'}
Completed 333/518 - {'SPSW', 'BCKG'}
Completed 334/518 - {'BCKG'}
Completed 335/518 - {'BCKG'}
Completed 336/518 - {'BCKG'}
Completed 337/518 - {'BCKG'}
Completed 338/518 - {'BCKG'}
Completed 339/518 - {'BCKG'}
Completed 340/518 - {'BCKG'}
Completed 341/518 - {'BCKG'}
Completed 342/518 - {'BCKG'}
Completed 343/518 - {'BCKG'}
Completed 344/518 - {'BCKG'}
Completed 345/518 - {'BCKG'}
Completed 346/518 - {'BCKG'}
Completed 347/518 - {'BCKG'}
Completed 348/518 - {'BCKG'}
Completed 349/518 - {'BCKG'}
Completed 350/518 - {'BCKG'}
Completed 351/518 - {'BCKG'}
Completed 352/518 - {'BCKG'}
Completed 353/518 - {'BCKG'}
Completed 354/518 - {'BCKG'}
Completed 355/518 - {'BCKG'}
Completed 356/518 - {'BCKG'}
Completed 357/518 - {'BCKG'}
Completed 358/518 - {'BCKG'}
Completed 359/518 - {'BCKG'}
Completed 360/518 - {'BCKG'}
Completed 361/518 - {'BCKG'}
Completed 362/518 - {'BCKG'}
Completed 363/518 - {'BCKG'}
Completed 364/518 - {'BCKG'}
Completed 365/518 - {'BCKG'}
Completed 366/518 - {'BCKG'}
Completed 367/518 - {'BCKG'}
Completed 368/518 - {'BCKG'}
Completed 369/518 - {'BCKG'}
Completed 370/518 - {'BCKG'}
Completed 371/518 - {'BCKG'}
Completed 372/518 - {'BCKG'}
Completed 373/518 - {'BCKG'}
Completed 374/518 - {'BCKG'}
Completed 375/518 - {'BCKG'}
Completed 376/518 - {'BCKG'}
Completed 377/518 - {'BCKG'}
Completed 378/518 - {'BCKG'}
Completed 379/518 - {'BCKG'}
Completed 380/518 - {'BCKG'}
Completed 381/518 - {'BCKG'}
Completed 382/518 - {'BCKG'}
Completed 383/518 - {'BCKG'}
Completed 384/518 - {'BCKG'}
Completed 385/518 - {'BCKG'}
Completed 386/518 - {'BCKG'}
Completed 387/518 - {'BCKG'}
Completed 388/518 - {'BCKG'}
Completed 389/518 - {'BCKG'}
Completed 390/518 - {'BCKG'}
Completed 391/518 - {'BCKG'}
Completed 392/518 - {'BCKG'}
Completed 393/518 - {'BCKG'}
Completed 394/518 - {'BCKG'}
Completed 395/518 - {'BCKG'}
Completed 396/518 - {'BCKG'}
Completed 397/518 - {'BCKG'}
Completed 398/518 - {'BCKG'}
Completed 399/518 - {'BCKG'}
Completed 400/518 - {'BCKG'}
Completed 401/518 - {'BCKG'}
Completed 402/518 - {'BCKG'}
Completed 403/518 - {'BCKG'}
Completed 404/518 - {'BCKG'}
Completed 405/518 - {'BCKG'}
Completed 406/518 - {'BCKG'}
Completed 407/518 - {'BCKG'}
Completed 408/518 - {'BCKG'}
Completed 409/518 - {'BCKG'}
Completed 410/518 - {'BCKG'}
Completed 411/518 - {'BCKG'}
Completed 412/518 - {'BCKG'}
Completed 413/518 - {'BCKG'}
Completed 414/518 - {'BCKG'}
Completed 415/518 - {'BCKG'}
Completed 416/518 - {'BCKG'}
Completed 417/518 - {'BCKG'}
Completed 418/518 - {'BCKG'}
Completed 419/518 - {'BCKG'}
Completed 420/518 - {'BCKG'}
Completed 421/518 - {'BCKG'}
Completed 422/518 - {'BCKG'}
Completed 423/518 - {'BCKG'}
Completed 424/518 - {'BCKG'}
Completed 425/518 - {'BCKG'}
Completed 426/518 - {'BCKG'}
Completed 427/518 - {'BCKG'}
Completed 428/518 - {'BCKG'}
Completed 429/518 - {'BCKG'}
Completed 430/518 - {'BCKG'}
Completed 431/518 - {'BCKG'}
Completed 432/518 - {'BCKG'}
Completed 433/518 - {'BCKG'}
Completed 434/518 - {'BCKG'}
Completed 435/518 - {'BCKG'}
Completed 436/518 - {'BCKG'}
Completed 437/518 - {'BCKG'}
Completed 438/518 - {'BCKG'}
Completed 439/518 - {'BCKG'}
Completed 440/518 - {'BCKG'}
Completed 441/518 - {'BCKG'}
Completed 442/518 - {'BCKG'}
Completed 443/518 - {'BCKG'}
Completed 444/518 - {'BCKG'}
Completed 445/518 - {'BCKG'}
Completed 446/518 - {'BCKG'}
Completed 447/518 - {'BCKG'}
Completed 448/518 - {'BCKG'}
Completed 449/518 - {'BCKG'}
Completed 450/518 - {'BCKG'}
Completed 451/518 - {'BCKG'}
Completed 452/518 - {'BCKG'}
Completed 453/518 - {'BCKG'}
Completed 454/518 - {'BCKG'}
Completed 455/518 - {'BCKG'}
Completed 456/518 - {'BCKG'}
Completed 457/518 - {'BCKG'}
Completed 458/518 - {'BCKG'}
Completed 459/518 - {'BCKG'}
Completed 460/518 - {'BCKG'}
Completed 461/518 - {'BCKG'}
Completed 462/518 - {'BCKG'}
Completed 463/518 - {'BCKG'}
Completed 464/518 - {'BCKG'}
Completed 465/518 - {'BCKG'}
Completed 466/518 - {'BCKG'}
Completed 467/518 - {'BCKG'}
Completed 468/518 - {'BCKG'}
Completed 469/518 - {'BCKG'}
Completed 470/518 - {'BCKG'}
Completed 471/518 - {'BCKG'}
Completed 472/518 - {'BCKG'}
Completed 473/518 - {'BCKG'}
Completed 474/518 - {'BCKG'}
Completed 475/518 - {'BCKG'}
Completed 476/518 - {'BCKG'}
Completed 477/518 - {'BCKG'}
Completed 478/518 - {'BCKG'}
Completed 479/518 - {'BCKG'}
Completed 480/518 - {'BCKG'}
Completed 481/518 - {'BCKG'}
Completed 482/518 - {'BCKG'}
Completed 483/518 - {'BCKG'}
Completed 484/518 - {'BCKG'}
Completed 485/518 - {'BCKG'}
Completed 486/518 - {'BCKG'}
Completed 487/518 - {'BCKG'}
Completed 488/518 - {'BCKG'}
Completed 489/518 - {'BCKG'}
Completed 490/518 - {'BCKG'}
Completed 491/518 - {'BCKG'}
Completed 492/518 - {'BCKG'}
Completed 493/518 - {'BCKG'}
Completed 494/518 - {'BCKG'}
Completed 495/518 - {'BCKG'}
Completed 496/518 - {'BCKG'}
Completed 497/518 - {'BCKG'}
Completed 498/518 - {'BCKG'}
Completed 499/518 - {'BCKG'}
Completed 500/518 - {'BCKG'}
Completed 501/518 - {'BCKG'}
Completed 502/518 - {'BCKG'}
Completed 503/518 - {'BCKG'}
Completed 504/518 - {'BCKG'}
Completed 505/518 - {'BCKG'}
Completed 506/518 - {'BCKG'}
Completed 507/518 - {'BCKG'}
Completed 508/518 - {'BCKG'}
Completed 509/518 - {'BCKG'}
Completed 510/518 - {'BCKG'}
Completed 511/518 - {'BCKG'}
Completed 512/518 - {'BCKG'}
Completed 513/518 - {'BCKG'}
Completed 514/518 - {'BCKG'}
Completed 515/518 - {'BCKG'}
Completed 516/518 - {'BCKG'}
Completed 517/518 - {'BCKG'}
Completed 518/518 - {'BCKG'}
Moved results to results/TUEV-20260630-211103.csv
